<?xml version="1.0" encoding="utf-8"?><testsuites><testsuite name="pytest" errors="0" failures="0" skipped="0" tests="4" time="13.899" timestamp="2023-08-29T15:56:34.087320" hostname="Matiass-MacBook-Air-2.local"><testcase classname="tests.model.test_model.TestModel" name="test_model_fit" time="4.776" /><testcase classname="tests.model.test_model.TestModel" name="test_model_predict" time="4.773" /><testcase classname="tests.model.test_model.TestModel" name="test_model_preprocess_for_serving" time="0.146" /><testcase classname="tests.model.test_model.TestModel" name="test_model_preprocess_for_training" time="3.113" /></testsuite></testsuites>